// Jest Snapshot v1, https://goo.gl/fbAQLP

exports[`Contact renders Contact correctly 1`] = `ShallowWrapper {}`;

exports[`Contact renders Contact correctly: div 1`] = `ShallowWrapper {}`;
