// Jest Snapshot v1, https://goo.gl/fbAQLP

exports[`Faq renders FAQ correctly 1`] = `ShallowWrapper {}`;
