// Jest Snapshot v1, https://goo.gl/fbAQLP

exports[`Home renders Home correctly 1`] = `ShallowWrapper {}`;
