// Jest Snapshot v1, https://goo.gl/fbAQLP

exports[`Newsroom renders Newsroom correctly 1`] = `ShallowWrapper {}`;
