// Jest Snapshot v1, https://goo.gl/fbAQLP

exports[`Partners renders Partners correctly 1`] = `ShallowWrapper {}`;
