// Jest Snapshot v1, https://goo.gl/fbAQLP

exports[`Product renders Products correctly 1`] = `ShallowWrapper {}`;
