// Jest Snapshot v1, https://goo.gl/fbAQLP

exports[`Tutorial renders Tutorial correctly 1`] = `ShallowWrapper {}`;
