// Jest Snapshot v1, https://goo.gl/fbAQLP

exports[`MainNav renders MainNav correctly 1`] = `ShallowWrapper {}`;
