// Jest Snapshot v1, https://goo.gl/fbAQLP

exports[`MyLinks renders MyLinks correctly 1`] = `ShallowWrapper {}`;
