// Jest Snapshot v1, https://goo.gl/fbAQLP

exports[`SearchItem renders SearchItem correctly 1`] = `ShallowWrapper {}`;
