// Jest Snapshot v1, https://goo.gl/fbAQLP

exports[`StatisticsItem renders StatisticsItem correctly 1`] = `ShallowWrapper {}`;
