// Jest Snapshot v1, https://goo.gl/fbAQLP

exports[`AdminDashboard renders AdminDashboard correctly 1`] = `ShallowWrapper {}`;
